{
    "homo_sapiens": {
        "content": [
            [
                "chrX\t15000\t.\tA\t.\t.\tLowDepth\tEND=45826;REPREF=15413;RL=30826;RU=CA;VARID=CNBP_CA;REPID=CNBP_CA\tGT:SO:REPCN:REPCI:ADSP:ADFL:ADIR:LC\t.:.:.:.:.:.:.:0",
                "chrX\t1030000\tqdnaseq_67\tN\t<DUP>\t.\tPASS\tCNV_RATIO=1022;SVTYPE=CNV;END=1040000;SVLEN=10000\tGT:CN\t.:1022",
                "chr14\t1200\t.\tC\t.\t.\tLowDepth\tEND=12560;REPREF=3786;RL=11360;RU=GCT;VARID=ATXN3;REPID=ATXN3\tGT:SO:REPCN:REPCI:ADSP:ADFL:ADIR:LC\t./.:./.:./.:./.:./.:./.:.:0",
                "chr14\t15000\t.\tA\t.\t.\tLowDepth\tEND=16550;REPREF=516;RL=1550;RU=GCT;VARID=ATXN2;REPID=ATXN2\tGT:SO:REPCN:REPCI:ADSP:ADFL:ADIR:LC\t./.:./.:./.:./.:./.:./.:.:0"
            ],
            "test.vcf.gz.tbi"
        ],
        "timestamp": "2023-11-28T16:32:17.674951106"
    }
}