{
    "homo_sapiens - wisecondorx": {
        "content": [
            [
                
            ],
            [
                [
                    {
                        "id": "test",
                        "sample": "test",
                        "sex": "male",
                        "variant_type": "cnv"
                    },
                    "test.wisecondorx.vcf.gz:md5,d41d8cd98f00b204e9800998ecf8427e",
                    "test.wisecondorx.vcf.gz.tbi:md5,d41d8cd98f00b204e9800998ecf8427e"
                ]
            ],
            5,
            0
        ],
        "timestamp": "2023-11-28T12:22:36.604969291"
    },
    "homo_sapiens - qdnaseq": {
        "content": [
            [
                
            ],
            [
                [
                    {
                        "id": "test",
                        "sample": "test",
                        "sex": "male",
                        "variant_type": "cnv"
                    },
                    "test.qdnaseq.vcf.gz:md5,d41d8cd98f00b204e9800998ecf8427e",
                    "test.qdnaseq.vcf.gz.tbi:md5,d41d8cd98f00b204e9800998ecf8427e"
                ]
            ],
            6,
            0
        ],
        "timestamp": "2023-11-28T12:32:43.31416997"
    },
    "homo_sapiens - all cnv callers": {
        "content": [
            [
                
            ],
            [
                [
                    {
                        "id": "test",
                        "sample": "test",
                        "sex": "male",
                        "variant_type": "cnv"
                    },
                    "test.cnv.vcf.gz:md5,d41d8cd98f00b204e9800998ecf8427e",
                    "test.cnv.vcf.gz.tbi:md5,d41d8cd98f00b204e9800998ecf8427e"
                ]
            ],
            13,
            0
        ],
        "timestamp": "2023-11-28T12:33:17.016078522"
    }
}